// Jest Snapshot v1, https://goo.gl/fbAQLP

exports[`<Main /> should render the heading 1`] = `
.c0 {
  background-color: #06092b;
  color: #fff;
  width: 100%;
  height: 100%;
  display: -webkit-box;
  display: -webkit-flex;
  display: -ms-flexbox;
  display: flex;
  -webkit-flex-direction: column;
  -ms-flex-direction: column;
  flex-direction: column;
  -webkit-align-items: center;
  -webkit-box-align: center;
  -ms-flex-align: center;
  align-items: center;
  -webkit-box-pack: center;
  -webkit-justify-content: center;
  -ms-flex-pack: center;
  justify-content: center;
}

.c1 {
  width: 25rem;
  margin-bottom: 2rem;
  -webkit-animation: rotateAnimation 15s linear infinite;
  animation: rotateAnimation 15s linear infinite;
}

.c2 {
  font-size: 4rem;
  margin-bottom: 2rem;
}

.c3 {
  font-size: 2rem;
  font-weight: normal;
}

<main
  class="c0"
>
  <img
    alt="Imagem de Ã¡tomo"
    class="c1"
    src="img/reactIcon.svg"
  />
  <h1
    class="c2"
  >
    NextJS Boilerplate
  </h1>
  <h2
    class="c3"
  >
    Typescript, ReactJS, NextJS and StyledComponents
  </h2>
</main>
`;
